To honour the JVM settings for this build a single-use Daemon process will be forked. For more on this, please refer to https://docs.gradle.org/8.13/userguide/gradle_daemon.html#sec:disabling_the_daemon in the Gradle documentation.
Daemon will be stopped at the end of the build 
> Task :app:preBuild UP-TO-DATE
> Task :app:preDebugBuild UP-TO-DATE
> Task :app:mergeDebugNativeDebugMetadata NO-SOURCE
> Task :app:dataBindingMergeDependencyArtifactsDebug UP-TO-DATE
> Task :app:generateDebugResValues UP-TO-DATE
> Task :app:generateDebugResources UP-TO-DATE
> Task :app:processDebugGoogleServices UP-TO-DATE
> Task :app:mergeDebugResources UP-TO-DATE
> Task :app:packageDebugResources UP-TO-DATE
> Task :app:processDebugNavigationResources UP-TO-DATE
> Task :app:parseDebugLocalResources UP-TO-DATE
> Task :app:dataBindingGenBaseClassesDebug UP-TO-DATE
> Task :app:dataBindingTriggerDebug UP-TO-DATE
> Task :app:generateDebugBuildConfig UP-TO-DATE
> Task :app:javaPreCompileDebug UP-TO-DATE
> Task :app:checkDebugAarMetadata UP-TO-DATE
> Task :app:compileDebugNavigationResources UP-TO-DATE
> Task :app:mapDebugSourceSetPaths UP-TO-DATE
> Task :app:createDebugCompatibleScreenManifests UP-TO-DATE
> Task :app:extractDeepLinksDebug UP-TO-DATE
> Task :app:processDebugMainManifest UP-TO-DATE
> Task :app:processDebugManifest UP-TO-DATE
> Task :app:processDebugManifestForPackage UP-TO-DATE
> Task :app:processDebugResources UP-TO-DATE

> Task :app:compileDebugJavaWithJavac
./gradlew : D:\MediSense\app\src\main\java\vn\medisense\app\MainActivity.java:117: error: cannot find symbol
At line:1 char:29
+ ... ME="C:\jdk-17"; ./gradlew :app:assembleDebug --no-daemon 2>&1 | Tee-O ...
+                     ~~~~~~~~~~~~~~~~~~~~~~~~~~~~~~~~~~~~~~~~~~~~~
    + CategoryInfo          : NotSpecified: (D:\MediSense\ap...not find symbol:String) [], RemoteException
    + FullyQualifiedErrorId : NativeCommandError
 
        binding.fabCaregiverSync.setOnClickListener(v -> startActivity(new Intent(this, vn.medisense.app.ui.CaregiverPairingActivity.class)));
               ^
  symbol:   variable fabCaregiverSync
  location: variable binding of type ActivityMainBinding
D:\MediSense\app\src\main\java\vn\medisense\app\MainActivity.java:118: error: cannot find symbol
        binding.fabMap.setOnClickListener(v -> startActivity(new Intent(this, vn.medisense.app.ui.MapActivity.class)));
               ^
  symbol:   variable fabMap
  location: variable binding of type ActivityMainBinding
D:\MediSense\app\src\main\java\vn\medisense\app\MainActivity.java:119: error: cannot find symbol
        binding.fabSettings.setOnClickListener(v -> startActivity(new Intent(this, vn.medisense.app.ui.SettingsActivity.class)));
               ^
  symbol:   variable fabSettings
  location: variable binding of type ActivityMainBinding
D:\MediSense\app\src\main\java\vn\medisense\app\MainActivity.java:120: error: cannot find symbol
        binding.fabHealthTracker.setOnClickListener(v -> startActivity(new Intent(this, vn.medisense.app.ui.HealthTrackerActivity.class)));
               ^
  symbol:   variable fabHealthTracker
  location: variable binding of type ActivityMainBinding
D:\MediSense\app\src\main\java\vn\medisense\app\MainActivity.java:121: error: cannot find symbol
        binding.fabVoice.setOnClickListener(v -> startVoiceAssistant());
               ^
  symbol:   variable fabVoice
  location: variable binding of type ActivityMainBinding
D:\MediSense\app\src\main\java\vn\medisense\app\ui\ReminderAdapter.java:180: error: cannot find symbol
                Context ctx = binding.imgPill.getContext();
                                     ^
  symbol:   variable imgPill
  location: variable binding of type ItemReminderBinding
D:\MediSense\app\src\main\java\vn\medisense\app\ui\ReminderAdapter.java:199: error: cannot find symbol
                            .into(binding.imgPill);
                                         ^
  symbol:   variable imgPill
  location: variable binding of type ItemReminderBinding
D:\MediSense\app\src\main\java\vn\medisense\app\ui\ReminderAdapter.java:201: error: cannot find symbol
                    binding.imgPill.setImageResource(placeholderRes);
                           ^
  symbol:   variable imgPill
  location: variable binding of type ItemReminderBinding
D:\MediSense\app\src\main\java\vn\medisense\app\ui\ReminderAdapter.java:209: error: cannot find symbol
                            .into(binding.imgPrescription);
                                         ^
  symbol:   variable imgPrescription
  location: variable binding of type ItemReminderBinding
D:\MediSense\app\src\main\java\vn\medisense\app\ui\ReminderAdapter.java:211: error: cannot find symbol
                    binding.imgPrescription.setImageResource(placeholderRes);
                           ^
  symbol:   variable imgPrescription
  location: variable binding of type ItemReminderBinding
D:\MediSense\app\src\main\java\vn\medisense\app\ui\ReminderAdapter.java:215: error: cannot find symbol
                binding.btnVerify.setOnClickListener(v -> {
                       ^
  symbol:   variable btnVerify
  location: variable binding of type ItemReminderBinding
D:\MediSense\app\src\main\java\vn\medisense\app\ui\AddMedicationActivity.java:59: error: cannot find symbol
        binding.buttonScanMedication.setOnClickListener(v -> {
               ^
  symbol:   variable buttonScanMedication
  location: variable binding of type ActivityAddMedicationBinding
Note: Some input files use or override a deprecated API.
Note: Recompile with -Xlint:deprecation for details.
12 errors

> Task :app:compileDebugJavaWithJavac FAILED

[Incubating] Problems report is available at: file:///D:/MediSense/build/reports/problems/problems-report.html

FAILURE: Build failed with an exception.

* What went wrong:
Execution failed for task ':app:compileDebugJavaWithJavac'.
> Compilation failed; see the compiler output below.
  D:\MediSense\app\src\main\java\vn\medisense\app\MainActivity.java:117: error: cannot find symbol
          binding.fabCaregiverSync.setOnClickListener(v -> startActivity(new Intent(this, vn.medisense.app.ui.CaregiverPairingActivity.class)));
                 ^
    symbol:   variable fabCaregiverSync
    location: variable binding of type ActivityMainBinding
  D:\MediSense\app\src\main\java\vn\medisense\app\MainActivity.java:118: error: cannot find symbol
          binding.fabMap.setOnClickListener(v -> startActivity(new Intent(this, vn.medisense.app.ui.MapActivity.class)));
                 ^
    symbol:   variable fabMap
    location: variable binding of type ActivityMainBinding
  D:\MediSense\app\src\main\java\vn\medisense\app\MainActivity.java:119: error: cannot find symbol
          binding.fabSettings.setOnClickListener(v -> startActivity(new Intent(this, vn.medisense.app.ui.SettingsActivity.class)));
                 ^
    symbol:   variable fabSettings
    location: variable binding of type ActivityMainBinding
  D:\MediSense\app\src\main\java\vn\medisense\app\MainActivity.java:120: error: cannot find symbol
          binding.fabHealthTracker.setOnClickListener(v -> startActivity(new Intent(this, vn.medisense.app.ui.HealthTrackerActivity.class)));
                 ^
    symbol:   variable fabHealthTracker
    location: variable binding of type ActivityMainBinding
  D:\MediSense\app\src\main\java\vn\medisense\app\MainActivity.java:121: error: cannot find symbol
          binding.fabVoice.setOnClickListener(v -> startVoiceAssistant());
                 ^
    symbol:   variable fabVoice
    location: variable binding of type ActivityMainBinding
  D:\MediSense\app\src\main\java\vn\medisense\app\ui\ReminderAdapter.java:180: error: cannot find symbol
                  Context ctx = binding.imgPill.getContext();
                                       ^
    symbol:   variable imgPill
    location: variable binding of type ItemReminderBinding
  D:\MediSense\app\src\main\java\vn\medisense\app\ui\ReminderAdapter.java:199: error: cannot find symbol
                              .into(binding.imgPill);
                                           ^
    symbol:   variable imgPill
    location: variable binding of type ItemReminderBinding
  D:\MediSense\app\src\main\java\vn\medisense\app\ui\ReminderAdapter.java:201: error: cannot find symbol
                      binding.imgPill.setImageResource(placeholderRes);
                             ^
    symbol:   variable imgPill
    location: variable binding of type ItemReminderBinding
  D:\MediSense\app\src\main\java\vn\medisense\app\ui\ReminderAdapter.java:209: error: cannot find symbol
                              .into(binding.imgPrescription);
                                           ^
    symbol:   variable imgPrescription
    location: variable binding of type ItemReminderBinding
  D:\MediSense\app\src\main\java\vn\medisense\app\ui\ReminderAdapter.java:211: error: cannot find symbol
                      binding.imgPrescription.setImageResource(placeholderRes);
                             ^
    symbol:   variable imgPrescription
    location: variable binding of type ItemReminderBinding
  D:\MediSense\app\src\main\java\vn\medisense\app\ui\ReminderAdapter.java:215: error: cannot find symbol
                  binding.btnVerify.setOnClickListener(v -> {
                         ^
    symbol:   variable btnVerify
    location: variable binding of type ItemReminderBinding
  D:\MediSense\app\src\main\java\vn\medisense\app\ui\AddMedicationActivity.java:59: error: cannot find symbol
          binding.buttonScanMedication.setOnClickListener(v -> {
                 ^
    symbol:   variable buttonScanMedication
    location: variable binding of type ActivityAddMedicationBinding
  Note: Some input files use or override a deprecated API.
  Note: Recompile with -Xlint:deprecation for details.
  12 errors

* Try:
> Check your code and dependencies to fix the compilation error(s)
> Run with --scan to get full insights.

BUILD FAILED in 40s
22 actionable tasks: 1 executed, 21 up-to-date
